/*---------------------------------------------------------------------------*\
| =========                 |                                                 |
| \\      /  F ield         | OpenFOAM: The Open Source CFD Toolbox           |
|  \\    /   O peration     | Version:  2512                                  |
|   \\  /    A nd           | Website:  www.openfoam.com                      |
|    \\/     M anipulation  |                                                 |
\*---------------------------------------------------------------------------*/
Build  : _bd2b6720-20260127 OPENFOAM=2512 version=2512
Arch   : "LSB;label=32;scalar=64"
Exec   : interFoam
Date   : Oct 04 2026
Time   : 00:41:11
Host   : shark-VMware-Virtual-Platform
PID    : 18639
--> FOAM Warning : 
    From Foam::fileName Foam::cwd_L()
    in file POSIX.C at line 554
    PWD is not the cwd() - reverting to physical description
I/O    : uncollated
--> FOAM Warning : 
    From Foam::fileName Foam::cwd_L()
    in file POSIX.C at line 554
    PWD is not the cwd() - reverting to physical description
Case   : /mnt/hgfs/UbuntuShareFolder/.foamlab-build/town-training-20261004/dam-early
nProcs : 1
trapFpe: Floating point exception trapping enabled (FOAM_SIGFPE).
memory pool : not available
fileModificationChecking : Monitoring run-time modified files using timeStampMaster (fileModificationSkew 5, maxFileModificationPolls 20)
allowSystemOperations : Allowing user-supplied system call operations

// * * * * * * * * * * * * * * * * * * * * * * * * * * * * * * * * * * * * * //
Create time

Create mesh for time = 0


PIMPLE: Operating solver in PISO mode

Reading field p_rgh

Reading field U

Reading/calculating face flux field phi

Reading transportProperties

Selecting incompressible transport model Newtonian
Selecting incompressible transport model Newtonian
Selecting turbulence model type laminar
Selecting laminar stress model Stokes

Reading g

Reading hRef
Calculating field g.h

No MRF models present

No finite volume options present
DICPCG:  Solving for pcorr, Initial residual = 0, Final residual = 0, No Iterations 0
time step continuity errors : sum local = 0, global = 0, cumulative = 0
Courant Number mean: 0 max: 0

Starting time loop

Courant Number mean: 0 max: 0
Interface Courant Number mean: 0 max: 0
deltaT = 0.00115385
Time = 0.00115385

PIMPLE: iteration 1
smoothSolver:  Solving for alpha.water, Initial residual = 0, Final residual = 0, No Iterations 0
Phase-1 volume fraction = 0.130194  Min(alpha.water) = 0  Max(alpha.water) = 1
MULES: Correcting alpha.water
MULES: Correcting alpha.water
Phase-1 volume fraction = 0.130194  Min(alpha.water) = 0  Max(alpha.water) = 1
DICPCG:  Solving for p_rgh, Initial residual = 1, Final residual = 0.00312131, No Iterations 1
time step continuity errors : sum local = 0.000811334, global = -1.19046e-12, cumulative = -1.19046e-12
DICPCG:  Solving for p_rgh, Initial residual = 0.00146325, Final residual = 6.18226e-05, No Iterations 13
time step continuity errors : sum local = 3.42833e-05, global = -9.40923e-06, cumulative = -9.40923e-06
DICPCG:  Solving for p_rgh, Initial residual = 5.08474e-05, Final residual = 8.16581e-08, No Iterations 48
time step continuity errors : sum local = 5.51164e-08, global = 9.54348e-09, cumulative = -9.39969e-06
ExecutionTime = 0.04 s  ClockTime = 0 s

Courant Number mean: 0.00117321 max: 0.100761
Interface Courant Number mean: 0 max: 0
deltaT = 0.00138462
Time = 0.00253846

PIMPLE: iteration 1
smoothSolver:  Solving for alpha.water, Initial residual = 0.000271489, Final residual = 1.3841e-12, No Iterations 2
Phase-1 volume fraction = 0.130194  Min(alpha.water) = 0  Max(alpha.water) = 1
MULES: Correcting alpha.water
MULES: Correcting alpha.water
Phase-1 volume fraction = 0.130194  Min(alpha.water) = -2.95085e-13  Max(alpha.water) = 1
DICPCG:  Solving for p_rgh, Initial residual = 0.00304034, Final residual = 0.000101858, No Iterations 2
time step continuity errors : sum local = 8.52467e-05, global = 2.75571e-08, cumulative = -9.37213e-06
DICPCG:  Solving for p_rgh, Initial residual = 0.00020467, Final residual = 9.13812e-06, No Iterations 35
time step continuity errors : sum local = 7.65137e-06, global = -8.31318e-08, cumulative = -9.45526e-06
DICPCG:  Solving for p_rgh, Initial residual = 2.73303e-05, Final residual = 8.10682e-08, No Iterations 43
time step continuity errors : sum local = 6.78541e-08, global = 4.73812e-09, cumulative = -9.45052e-06
ExecutionTime = 0.05 s  ClockTime = 0 s

Courant Number mean: 0.00176635 max: 0.0533755
Interface Courant Number mean: 4.85288e-05 max: 0.0533755
deltaT = 0.00155769
Time = 0.00409615

PIMPLE: iteration 1
smoothSolver:  Solving for alpha.water, Initial residual = 0.000178139, Final residual = 7.33789e-09, No Iterations 1
Phase-1 volume fraction = 0.130194  Min(alpha.water) = 0  Max(alpha.water) = 1
MULES: Correcting alpha.water
MULES: Correcting alpha.water
Phase-1 volume fraction = 0.130194  Min(alpha.water) = -3.97192e-19  Max(alpha.water) = 1
DICPCG:  Solving for p_rgh, Initial residual = 0.00247978, Final residual = 5.85056e-05, No Iterations 2
time step continuity errors : sum local = 5.6369e-05, global = -1.05599e-09, cumulative = -9.45158e-06
DICPCG:  Solving for p_rgh, Initial residual = 5.93392e-05, Final residual = 2.34442e-06, No Iterations 36
time step continuity errors : sum local = 2.25746e-06, global = 5.3006e-11, cumulative = -9.45153e-06
DICPCG:  Solving for p_rgh, Initial residual = 2.75389e-06, Final residual = 6.92545e-08, No Iterations 19
time step continuity errors : sum local = 6.67288e-08, global = -6.54874e-09, cumulative = -9.45807e-06
ExecutionTime = 0.07 s  ClockTime = 0 s

Courant Number mean: 0.00289997 max: 0.0478502
Interface Courant Number mean: 3.97187e-05 max: 0.0406611
deltaT = 0.00181731
Time = 0.00591346

PIMPLE: iteration 1
smoothSolver:  Solving for alpha.water, Initial residual = 0.000210317, Final residual = 4.80257e-14, No Iterations 2
Phase-1 volume fraction = 0.130194  Min(alpha.water) = 0  Max(alpha.water) = 1
MULES: Correcting alpha.water
MULES: Correcting alpha.water
Phase-1 volume fraction = 0.130194  Min(alpha.water) = -1.99524e-18  Max(alpha.water) = 1
DICPCG:  Solving for p_rgh, Initial residual = 0.00310057, Final residual = 0.000140159, No Iterations 1
time step continuity errors : sum local = 0.000169074, global = -1.84857e-08, cumulative = -9.47656e-06
DICPCG:  Solving for p_rgh, Initial residual = 0.000142989, Final residual = 6.45156e-06, No Iterations 10
time step continuity errors : sum local = 7.77047e-06, global = -3.30129e-07, cumulative = -9.80669e-06
DICPCG:  Solving for p_rgh, Initial residual = 6.83385e-06, Final residual = 9.77986e-08, No Iterations 36
time step continuity errors : sum local = 1.17822e-07, global = -1.04325e-08, cumulative = -9.81712e-06
ExecutionTime = 0.09 s  ClockTime = 0 s

Courant Number mean: 0.00472645 max: 0.0558569
Interface Courant Number mean: 0.000110465 max: 0.0444903
deltaT = 0.00227163
Time = 0.0081851

PIMPLE: iteration 1
smoothSolver:  Solving for alpha.water, Initial residual = 0.000323816, Final residual = 4.32278e-13, No Iterations 2
Phase-1 volume fraction = 0.130194  Min(alpha.water) = 0  Max(alpha.water) = 1
MULES: Correcting alpha.water
MULES: Correcting alpha.water
Phase-1 volume fraction = 0.130194  Min(alpha.water) = -4.9247e-16  Max(alpha.water) = 1
DICPCG:  Solving for p_rgh, Initial residual = 0.00491213, Final residual = 0.000159335, No Iterations 1
time step continuity errors : sum local = 0.000280857, global = -8.22013e-09, cumulative = -9.82534e-06
DICPCG:  Solving for p_rgh, Initial residual = 0.00016213, Final residual = 7.13021e-06, No Iterations 9
time step continuity errors : sum local = 1.253e-05, global = -6.89394e-08, cumulative = -9.89428e-06
DICPCG:  Solving for p_rgh, Initial residual = 7.83659e-06, Final residual = 8.67802e-08, No Iterations 37
time step continuity errors : sum local = 1.52537e-07, global = 8.14439e-10, cumulative = -9.89347e-06
ExecutionTime = 0.1 s  ClockTime = 0 s

Courant Number mean: 0.00807543 max: 0.0747902
Interface Courant Number mean: 0.000289567 max: 0.0670338
deltaT = 0.00340745
Time = 0.0115925

PIMPLE: iteration 1
smoothSolver:  Solving for alpha.water, Initial residual = 0.000619423, Final residual = 8.27686e-12, No Iterations 2
Phase-1 volume fraction = 0.130194  Min(alpha.water) = 0  Max(alpha.water) = 1
MULES: Correcting alpha.water
MULES: Correcting alpha.water
Phase-1 volume fraction = 0.130194  Min(alpha.water) = -4.90967e-13  Max(alpha.water) = 1
DICPCG:  Solving for p_rgh, Initial residual = 0.00949313, Final residual = 0.000216638, No Iterations 1
time step continuity errors : sum local = 0.000806071, global = 8.15076e-08, cumulative = -9.81196e-06
DICPCG:  Solving for p_rgh, Initial residual = 0.000219894, Final residual = 9.67324e-06, No Iterations 9
time step continuity errors : sum local = 3.57614e-05, global = 1.43687e-07, cumulative = -9.66827e-06
DICPCG:  Solving for p_rgh, Initial residual = 1.27582e-05, Final residual = 8.22791e-08, No Iterations 39
time step continuity errors : sum local = 3.04293e-07, global = -1.15718e-08, cumulative = -9.67984e-06
ExecutionTime = 0.12 s  ClockTime = 0 s

Courant Number mean: 0.0170561 max: 0.143049
Interface Courant Number mean: 0.000708555 max: 0.138818
deltaT = 0.00340745
Time = 0.015

PIMPLE: iteration 1
smoothSolver:  Solving for alpha.water, Initial residual = 0.000828822, Final residual = 2.62822e-11, No Iterations 2
Phase-1 volume fraction = 0.130194  Min(alpha.water) = 0  Max(alpha.water) = 1
MULES: Correcting alpha.water
MULES: Correcting alpha.water
Phase-1 volume fraction = 0.130194  Min(alpha.water) = -6.81939e-12  Max(alpha.water) = 1
DICPCG:  Solving for p_rgh, Initial residual = 0.0129727, Final residual = 0.000227073, No Iterations 1
time step continuity errors : sum local = 0.000809515, global = 3.74711e-08, cumulative = -9.64237e-06
DICPCG:  Solving for p_rgh, Initial residual = 0.000230789, Final residual = 1.04159e-05, No Iterations 11
time step continuity errors : sum local = 3.68211e-05, global = 2.9237e-07, cumulative = -9.35e-06
DICPCG:  Solving for p_rgh, Initial residual = 1.56326e-05, Final residual = 7.40561e-08, No Iterations 37
time step continuity errors : sum local = 2.62176e-07, global = 3.13615e-09, cumulative = -9.34687e-06
ExecutionTime = 0.16 s  ClockTime = 0 s

Courant Number mean: 0.0219482 max: 0.177663
Interface Courant Number mean: 0.000994036 max: 0.174938
deltaT = 0.00375
Time = 0.01875

PIMPLE: iteration 1
smoothSolver:  Solving for alpha.water, Initial residual = 0.00113461, Final residual = 8.45306e-11, No Iterations 2
Phase-1 volume fraction = 0.130194  Min(alpha.water) = 0  Max(alpha.water) = 1
MULES: Correcting alpha.water
MULES: Correcting alpha.water
Phase-1 volume fraction = 0.130194  Min(alpha.water) = -1.11572e-10  Max(alpha.water) = 1
DICPCG:  Solving for p_rgh, Initial residual = 0.0180176, Final residual = 0.00025472, No Iterations 1
time step continuity errors : sum local = 0.0010547, global = 1.08489e-07, cumulative = -9.23838e-06
DICPCG:  Solving for p_rgh, Initial residual = 0.00026019, Final residual = 1.26501e-05, No Iterations 10
time step continuity errors : sum local = 5.17657e-05, global = 1.64472e-06, cumulative = -7.59366e-06
DICPCG:  Solving for p_rgh, Initial residual = 2.00751e-05, Final residual = 9.17628e-08, No Iterations 39
time step continuity errors : sum local = 3.76071e-07, global = -7.00004e-08, cumulative = -7.66366e-06
ExecutionTime = 0.17 s  ClockTime = 1 s

Courant Number mean: 0.0301053 max: 0.230063
Interface Courant Number mean: 0.00148466 max: 0.230063
deltaT = 0.00375
Time = 0.0225

PIMPLE: iteration 1
smoothSolver:  Solving for alpha.water, Initial residual = 0.00137358, Final residual = 1.46388e-10, No Iterations 2
Phase-1 volume fraction = 0.130194  Min(alpha.water) = 0  Max(alpha.water) = 1
MULES: Correcting alpha.water
MULES: Correcting alpha.water
Phase-1 volume fraction = 0.130194  Min(alpha.water) = -8.14179e-10  Max(alpha.water) = 1
DICPCG:  Solving for p_rgh, Initial residual = 0.0220065, Final residual = 0.000230307, No Iterations 1
time step continuity errors : sum local = 0.000918571, global = -3.74085e-08, cumulative = -7.70106e-06
DICPCG:  Solving for p_rgh, Initial residual = 0.000236477, Final residual = 1.10255e-05, No Iterations 11
time step continuity errors : sum local = 4.33317e-05, global = 9.20215e-07, cumulative = -6.78085e-06
DICPCG:  Solving for p_rgh, Initial residual = 2.02566e-05, Final residual = 8.70747e-08, No Iterations 39
time step continuity errors : sum local = 3.4297e-07, global = -6.77306e-08, cumulative = -6.84858e-06
ExecutionTime = 0.18 s  ClockTime = 1 s

Courant Number mean: 0.0361075 max: 0.264945
Interface Courant Number mean: 0.0018128 max: 0.26127
deltaT = 0.00375
Time = 0.02625

PIMPLE: iteration 1
smoothSolver:  Solving for alpha.water, Initial residual = 0.00162514, Final residual = 4.44571e-10, No Iterations 2
Phase-1 volume fraction = 0.130194  Min(alpha.water) = 0  Max(alpha.water) = 1
MULES: Correcting alpha.water
MULES: Correcting alpha.water
Phase-1 volume fraction = 0.130194  Min(alpha.water) = -2.74989e-10  Max(alpha.water) = 1
DICPCG:  Solving for p_rgh, Initial residual = 0.0259978, Final residual = 0.000207111, No Iterations 1
time step continuity errors : sum local = 0.000795524, global = 5.45821e-08, cumulative = -6.794e-06
DICPCG:  Solving for p_rgh, Initial residual = 0.000215915, Final residual = 1.05464e-05, No Iterations 11
time step continuity errors : sum local = 3.97913e-05, global = 1.26106e-06, cumulative = -5.53294e-06
DICPCG:  Solving for p_rgh, Initial residual = 2.1314e-05, Final residual = 9.54124e-08, No Iterations 38
time step continuity errors : sum local = 3.60961e-07, global = -6.71177e-08, cumulative = -5.60006e-06
ExecutionTime = 0.19 s  ClockTime = 1 s

Courant Number mean: 0.0421339 max: 0.310529
Interface Courant Number mean: 0.00213551 max: 0.305549
deltaT = 0.00375
Time = 0.03

PIMPLE: iteration 1
smoothSolver:  Solving for alpha.water, Initial residual = 0.00187945, Final residual = 2.91389e-14, No Iterations 3
Phase-1 volume fraction = 0.130194  Min(alpha.water) = 0  Max(alpha.water) = 1
MULES: Correcting alpha.water
MULES: Correcting alpha.water
Phase-1 volume fraction = 0.130194  Min(alpha.water) = -1.68691e-10  Max(alpha.water) = 1
DICPCG:  Solving for p_rgh, Initial residual = 0.0304922, Final residual = 0.000211774, No Iterations 1
time step continuity errors : sum local = 0.000776912, global = 6.41041e-08, cumulative = -5.53595e-06
DICPCG:  Solving for p_rgh, Initial residual = 0.000221798, Final residual = 1.0368e-05, No Iterations 10
time step continuity errors : sum local = 3.72506e-05, global = 2.45865e-06, cumulative = -3.07731e-06
DICPCG:  Solving for p_rgh, Initial residual = 2.22976e-05, Final residual = 8.82543e-08, No Iterations 37
time step continuity errors : sum local = 3.18066e-07, global = 9.34109e-09, cumulative = -3.06797e-06
ExecutionTime = 0.22 s  ClockTime = 1 s

Courant Number mean: 0.0480223 max: 0.347105
Interface Courant Number mean: 0.00251801 max: 0.324279
deltaT = 0.005
Time = 0.035

PIMPLE: iteration 1
smoothSolver:  Solving for alpha.water, Initial residual = 0.00282217, Final residual = 3.93816e-13, No Iterations 3
Phase-1 volume fraction = 0.130194  Min(alpha.water) = 0  Max(alpha.water) = 1
MULES: Correcting alpha.water
MULES: Correcting alpha.water
Phase-1 volume fraction = 0.130194  Min(alpha.water) = -1.90943e-10  Max(alpha.water) = 1
DICPCG:  Solving for p_rgh, Initial residual = 0.0458184, Final residual = 0.000308541, No Iterations 1
time step continuity errors : sum local = 0.00184669, global = 5.28053e-07, cumulative = -2.53991e-06
DICPCG:  Solving for p_rgh, Initial residual = 0.000339385, Final residual = 1.42405e-05, No Iterations 10
time step continuity errors : sum local = 8.23729e-05, global = 6.58033e-06, cumulative = 4.04042e-06
DICPCG:  Solving for p_rgh, Initial residual = 4.36629e-05, Final residual = 8.57287e-08, No Iterations 44
time step continuity errors : sum local = 4.98083e-07, global = -4.15695e-08, cumulative = 3.99885e-06
ExecutionTime = 0.25 s  ClockTime = 1 s

Courant Number mean: 0.0743422 max: 0.531991
Interface Courant Number mean: 0.00410743 max: 0.518527
deltaT = 0.005
Time = 0.04

PIMPLE: iteration 1
smoothSolver:  Solving for alpha.water, Initial residual = 0.00322102, Final residual = 3.2477e-10, No Iterations 3
Phase-1 volume fraction = 0.130194  Min(alpha.water) = 0  Max(alpha.water) = 1
MULES: Correcting alpha.water
MULES: Correcting alpha.water
Phase-1 volume fraction = 0.130194  Min(alpha.water) = -2.51015e-11  Max(alpha.water) = 1
DICPCG:  Solving for p_rgh, Initial residual = 0.0531805, Final residual = 0.000377912, No Iterations 1
time step continuity errors : sum local = 0.00207952, global = 2.23758e-07, cumulative = 4.22261e-06
DICPCG:  Solving for p_rgh, Initial residual = 0.00042069, Final residual = 2.01193e-05, No Iterations 10
time step continuity errors : sum local = 0.000106271, global = 9.33342e-06, cumulative = 1.3556e-05
DICPCG:  Solving for p_rgh, Initial residual = 5.5245e-05, Final residual = 9.35195e-08, No Iterations 43
time step continuity errors : sum local = 4.97643e-07, global = -2.78031e-08, cumulative = 1.35282e-05
ExecutionTime = 0.26 s  ClockTime = 1 s

Courant Number mean: 0.0843967 max: 0.574816
Interface Courant Number mean: 0.00518902 max: 0.563224
deltaT = 0.005
Time = 0.045

PIMPLE: iteration 1
smoothSolver:  Solving for alpha.water, Initial residual = 0.00360665, Final residual = 3.64517e-09, No Iterations 3
Phase-1 volume fraction = 0.130194  Min(alpha.water) = 0  Max(alpha.water) = 1
MULES: Correcting alpha.water
MULES: Correcting alpha.water
Phase-1 volume fraction = 0.130194  Min(alpha.water) = -4.60432e-11  Max(alpha.water) = 1
DICPCG:  Solving for p_rgh, Initial residual = 0.0578803, Final residual = 0.000461316, No Iterations 1
time step continuity errors : sum local = 0.00231016, global = 2.09617e-07, cumulative = 1.37378e-05
DICPCG:  Solving for p_rgh, Initial residual = 0.000518299, Final residual = 2.34299e-05, No Iterations 10
time step continuity errors : sum local = 0.000112186, global = 1.3052e-05, cumulative = 2.67898e-05
DICPCG:  Solving for p_rgh, Initial residual = 7.03072e-05, Final residual = 8.18707e-08, No Iterations 31
time step continuity errors : sum local = 3.96041e-07, global = -1.07745e-07, cumulative = 2.66821e-05
ExecutionTime = 0.29 s  ClockTime = 1 s

Courant Number mean: 0.0942884 max: 0.629407
Interface Courant Number mean: 0.00687422 max: 0.601682
deltaT = 0.005
Time = 0.05

PIMPLE: iteration 1
smoothSolver:  Solving for alpha.water, Initial residual = 0.0039768, Final residual = 7.43737e-09, No Iterations 3
Phase-1 volume fraction = 0.130194  Min(alpha.water) = 0  Max(alpha.water) = 1
MULES: Correcting alpha.water
MULES: Correcting alpha.water
Phase-1 volume fraction = 0.130194  Min(alpha.water) = -6.317e-11  Max(alpha.water) = 1
DICPCG:  Solving for p_rgh, Initial residual = 0.0592197, Final residual = 0.00057128, No Iterations 1
time step continuity errors : sum local = 0.0025955, global = -2.18705e-08, cumulative = 2.66602e-05
DICPCG:  Solving for p_rgh, Initial residual = 0.000638492, Final residual = 2.81941e-05, No Iterations 10
time step continuity errors : sum local = 0.00012232, global = 1.86733e-05, cumulative = 4.53335e-05
DICPCG:  Solving for p_rgh, Initial residual = 8.83911e-05, Final residual = 9.83028e-08, No Iterations 31
time step continuity errors : sum local = 4.31971e-07, global = 1.27953e-08, cumulative = 4.53463e-05
ExecutionTime = 0.3 s  ClockTime = 1 s

Courant Number mean: 0.104075 max: 0.690661
Interface Courant Number mean: 0.00780516 max: 0.650668
deltaT = 0.005
Time = 0.055

PIMPLE: iteration 1
smoothSolver:  Solving for alpha.water, Initial residual = 0.0043538, Final residual = 1.07285e-10, No Iterations 4
Phase-1 volume fraction = 0.130194  Min(alpha.water) = 0  Max(alpha.water) = 1
MULES: Correcting alpha.water
MULES: Correcting alpha.water
Phase-1 volume fraction = 0.130194  Min(alpha.water) = -1.35472e-10  Max(alpha.water) = 1
DICPCG:  Solving for p_rgh, Initial residual = 0.056118, Final residual = 0.000757743, No Iterations 1
time step continuity errors : sum local = 0.00312541, global = 1.83938e-07, cumulative = 4.55302e-05
DICPCG:  Solving for p_rgh, Initial residual = 0.000849227, Final residual = 3.9405e-05, No Iterations 10
time step continuity errors : sum local = 0.000155628, global = 2.54248e-05, cumulative = 7.0955e-05
DICPCG:  Solving for p_rgh, Initial residual = 0.000120233, Final residual = 6.90799e-08, No Iterations 50
time step continuity errors : sum local = 2.77176e-07, global = -2.41612e-09, cumulative = 7.09526e-05
ExecutionTime = 0.31 s  ClockTime = 1 s

Courant Number mean: 0.11394 max: 0.727293
Interface Courant Number mean: 0.00858026 max: 0.699418
deltaT = 0.005
Time = 0.06

PIMPLE: iteration 1
smoothSolver:  Solving for alpha.water, Initial residual = 0.00477103, Final residual = 1.77824e-10, No Iterations 4
Phase-1 volume fraction = 0.130194  Min(alpha.water) = 0  Max(alpha.water) = 1
MULES: Correcting alpha.water
MULES: Correcting alpha.water
Phase-1 volume fraction = 0.130194  Min(alpha.water) = -3.07972e-09  Max(alpha.water) = 1
DICPCG:  Solving for p_rgh, Initial residual = 0.0503326, Final residual = 0.00106658, No Iterations 1
time step continuity errors : sum local = 0.00405189, global = -3.84455e-08, cumulative = 7.09141e-05
DICPCG:  Solving for p_rgh, Initial residual = 0.00119139, Final residual = 5.79504e-05, No Iterations 10
time step continuity errors : sum local = 0.000211863, global = 3.75324e-05, cumulative = 0.000108446
DICPCG:  Solving for p_rgh, Initial residual = 0.000164755, Final residual = 8.17093e-08, No Iterations 46
time step continuity errors : sum local = 3.04163e-07, global = 2.64652e-08, cumulative = 0.000108473
ExecutionTime = 0.34 s  ClockTime = 1 s

Courant Number mean: 0.123926 max: 0.780812
Interface Courant Number mean: 0.00967313 max: 0.742075
deltaT = 0.005
Time = 0.065

PIMPLE: iteration 1
smoothSolver:  Solving for alpha.water, Initial residual = 0.0051524, Final residual = 7.4892e-10, No Iterations 4
Phase-1 volume fraction = 0.130194  Min(alpha.water) = 0  Max(alpha.water) = 1
MULES: Correcting alpha.water
MULES: Correcting alpha.water
Phase-1 volume fraction = 0.130194  Min(alpha.water) = -1.01209e-08  Max(alpha.water) = 1
DICPCG:  Solving for p_rgh, Initial residual = 0.0425506, Final residual = 0.00130275, No Iterations 1
time step continuity errors : sum local = 0.00469219, global = -2.17454e-07, cumulative = 0.000108256
DICPCG:  Solving for p_rgh, Initial residual = 0.00144759, Final residual = 6.40813e-05, No Iterations 10
time step continuity errors : sum local = 0.000224126, global = 4.71933e-05, cumulative = 0.000155449
DICPCG:  Solving for p_rgh, Initial residual = 0.000193341, Final residual = 9.61427e-08, No Iterations 47
time step continuity errors : sum local = 3.42982e-07, global = -1.22641e-09, cumulative = 0.000155448
ExecutionTime = 0.35 s  ClockTime = 1 s

Courant Number mean: 0.13349 max: 0.82544
Interface Courant Number mean: 0.0109977 max: 0.777974
deltaT = 0.005
Time = 0.07

PIMPLE: iteration 1
smoothSolver:  Solving for alpha.water, Initial residual = 0.00549076, Final residual = 1.29737e-09, No Iterations 4
Phase-1 volume fraction = 0.130194  Min(alpha.water) = 0  Max(alpha.water) = 1
MULES: Correcting alpha.water
MULES: Correcting alpha.water
Phase-1 volume fraction = 0.130194  Min(alpha.water) = -3.78392e-09  Max(alpha.water) = 1
DICPCG:  Solving for p_rgh, Initial residual = 0.0378143, Final residual = 0.001176, No Iterations 1
time step continuity errors : sum local = 0.00439899, global = -6.23107e-07, cumulative = 0.000154824
DICPCG:  Solving for p_rgh, Initial residual = 0.00132477, Final residual = 5.46552e-05, No Iterations 11
time step continuity errors : sum local = 0.00019993, global = 4.63638e-05, cumulative = 0.000201188
DICPCG:  Solving for p_rgh, Initial residual = 0.000180882, Final residual = 7.97014e-08, No Iterations 50
time step continuity errors : sum local = 2.97417e-07, global = -2.73968e-08, cumulative = 0.000201161
ExecutionTime = 0.36 s  ClockTime = 1 s

Courant Number mean: 0.142813 max: 0.948982
Interface Courant Number mean: 0.0120596 max: 0.819598
deltaT = 0.005
Time = 0.075

PIMPLE: iteration 1
smoothSolver:  Solving for alpha.water, Initial residual = 0.00582901, Final residual = 2.23455e-09, No Iterations 4
Phase-1 volume fraction = 0.130194  Min(alpha.water) = -8.54999e-10  Max(alpha.water) = 1
MULES: Correcting alpha.water
MULES: Correcting alpha.water
Phase-1 volume fraction = 0.130194  Min(alpha.water) = -4.48214e-09  Max(alpha.water) = 1
DICPCG:  Solving for p_rgh, Initial residual = 0.0716629, Final residual = 0.000686752, No Iterations 1
time step continuity errors : sum local = 0.00318194, global = -5.7145e-07, cumulative = 0.000200589
DICPCG:  Solving for p_rgh, Initial residual = 0.000812442, Final residual = 3.66677e-05, No Iterations 11
time step continuity errors : sum local = 0.000158786, global = 3.01494e-05, cumulative = 0.000230739
DICPCG:  Solving for p_rgh, Initial residual = 0.000132807, Final residual = 6.6531e-08, No Iterations 50
time step continuity errors : sum local = 2.93649e-07, global = -2.1659e-08, cumulative = 0.000230717
ExecutionTime = 0.39 s  ClockTime = 1 s

Courant Number mean: 0.151736 max: 1.14095
Interface Courant Number mean: 0.0130997 max: 0.873195
deltaT = 0.005
Time = 0.08

PIMPLE: iteration 1
smoothSolver:  Solving for alpha.water, Initial residual = 0.00618723, Final residual = 3.07796e-09, No Iterations 4
Phase-1 volume fraction = 0.130194  Min(alpha.water) = -6.83361e-10  Max(alpha.water) = 1
MULES: Correcting alpha.water
MULES: Correcting alpha.water
Phase-1 volume fraction = 0.130194  Min(alpha.water) = -2.65842e-09  Max(alpha.water) = 1
DICPCG:  Solving for p_rgh, Initial residual = 0.0624047, Final residual = 0.00100243, No Iterations 1
time step continuity errors : sum local = 0.00409711, global = -3.26748e-07, cumulative = 0.00023039
DICPCG:  Solving for p_rgh, Initial residual = 0.00116523, Final residual = 5.45739e-05, No Iterations 11
time step continuity errors : sum local = 0.000210377, global = 3.75109e-05, cumulative = 0.000267901
DICPCG:  Solving for p_rgh, Initial residual = 0.000184095, Final residual = 7.70225e-08, No Iterations 50
time step continuity errors : sum local = 3.03768e-07, global = -9.56549e-09, cumulative = 0.000267892
ExecutionTime = 0.41 s  ClockTime = 1 s

Courant Number mean: 0.160736 max: 1.39945
Interface Courant Number mean: 0.0149272 max: 0.937085
deltaT = 0.00333333
Time = 0.0833333

PIMPLE: iteration 1
smoothSolver:  Solving for alpha.water, Initial residual = 0.00437819, Final residual = 3.21716e-10, No Iterations 4
Phase-1 volume fraction = 0.130194  Min(alpha.water) = -5.81259e-10  Max(alpha.water) = 1
MULES: Correcting alpha.water
MULES: Correcting alpha.water
Phase-1 volume fraction = 0.130194  Min(alpha.water) = -7.07097e-09  Max(alpha.water) = 1
DICPCG:  Solving for p_rgh, Initial residual = 0.0401954, Final residual = 0.00103712, No Iterations 1
time step continuity errors : sum local = 0.00183504, global = -3.725e-07, cumulative = 0.000267519
DICPCG:  Solving for p_rgh, Initial residual = 0.00115253, Final residual = 5.25314e-05, No Iterations 11
time step continuity errors : sum local = 8.9799e-05, global = 1.67556e-05, cumulative = 0.000284275
DICPCG:  Solving for p_rgh, Initial residual = 0.000140247, Final residual = 7.63913e-08, No Iterations 49
time step continuity errors : sum local = 1.32827e-07, global = 1.46765e-09, cumulative = 0.000284276
ExecutionTime = 0.42 s  ClockTime = 1 s

Courant Number mean: 0.110996 max: 1.05677
Interface Courant Number mean: 0.0099712 max: 0.632545
deltaT = 0.00333333
Time = 0.0866667

PIMPLE: iteration 1
smoothSolver:  Solving for alpha.water, Initial residual = 0.004537, Final residual = 3.21508e-10, No Iterations 4
Phase-1 volume fraction = 0.130194  Min(alpha.water) = -4.92214e-10  Max(alpha.water) = 1
MULES: Correcting alpha.water
MULES: Correcting alpha.water
Phase-1 volume fraction = 0.130194  Min(alpha.water) = -5.87854e-09  Max(alpha.water) = 1
DICPCG:  Solving for p_rgh, Initial residual = 0.033106, Final residual = 0.00102192, No Iterations 1
time step continuity errors : sum local = 0.00175612, global = -1.81741e-07, cumulative = 0.000284095
DICPCG:  Solving for p_rgh, Initial residual = 0.0011404, Final residual = 5.37594e-05, No Iterations 11
time step continuity errors : sum local = 8.99006e-05, global = 1.7e-05, cumulative = 0.000301095
DICPCG:  Solving for p_rgh, Initial residual = 0.000143351, Final residual = 8.18707e-08, No Iterations 49
time step continuity errors : sum local = 1.39085e-07, global = -4.01345e-09, cumulative = 0.000301091
ExecutionTime = 0.42 s  ClockTime = 1 s

Courant Number mean: 0.114801 max: 1.22959
Interface Courant Number mean: 0.0100777 max: 0.772406
deltaT = 0.00333333
Time = 0.09

PIMPLE: iteration 1
smoothSolver:  Solving for alpha.water, Initial residual = 0.00465919, Final residual = 3.42479e-10, No Iterations 4
Phase-1 volume fraction = 0.130194  Min(alpha.water) = -4.15202e-10  Max(alpha.water) = 1
MULES: Correcting alpha.water
MULES: Correcting alpha.water
Phase-1 volume fraction = 0.130194  Min(alpha.water) = -1.96203e-07  Max(alpha.water) = 1
DICPCG:  Solving for p_rgh, Initial residual = 0.0336062, Final residual = 0.00103134, No Iterations 1
time step continuity errors : sum local = 0.0018134, global = -2.2139e-07, cumulative = 0.000300869
DICPCG:  Solving for p_rgh, Initial residual = 0.00116134, Final residual = 4.19692e-05, No Iterations 12
time step continuity errors : sum local = 7.18724e-05, global = 1.64422e-05, cumulative = 0.000317311
DICPCG:  Solving for p_rgh, Initial residual = 0.000138006, Final residual = 7.69762e-08, No Iterations 49
time step continuity errors : sum local = 1.33923e-07, global = -4.90792e-09, cumulative = 0.000317306
ExecutionTime = 0.45 s  ClockTime = 1 s

Courant Number mean: 0.11841 max: 1.39958
Interface Courant Number mean: 0.0103988 max: 0.795788
deltaT = 0.0025
Time = 0.0925

PIMPLE: iteration 1
smoothSolver:  Solving for alpha.water, Initial residual = 0.00363847, Final residual = 5.86626e-09, No Iterations 3
Phase-1 volume fraction = 0.130194  Min(alpha.water) = -3.62816e-10  Max(alpha.water) = 1
MULES: Correcting alpha.water
MULES: Correcting alpha.water
Phase-1 volume fraction = 0.130194  Min(alpha.water) = -1.23956e-07  Max(alpha.water) = 1
DICPCG:  Solving for p_rgh, Initial residual = 0.0345088, Final residual = 0.000607922, No Iterations 1
time step continuity errors : sum local = 0.000689831, global = -1.62943e-07, cumulative = 0.000317144
DICPCG:  Solving for p_rgh, Initial residual = 0.000676652, Final residual = 2.40895e-05, No Iterations 12
time step continuity errors : sum local = 2.64954e-05, global = 5.5528e-06, cumulative = 0.000322696
DICPCG:  Solving for p_rgh, Initial residual = 7.31379e-05, Final residual = 9.73352e-08, No Iterations 47
time step continuity errors : sum local = 1.08288e-07, global = -4.15354e-09, cumulative = 0.000322692
ExecutionTime = 0.46 s  ClockTime = 1 s

Courant Number mean: 0.0906697 max: 1.1275
Interface Courant Number mean: 0.00804494 max: 0.84809
deltaT = 0.00208333
Time = 0.0945833

PIMPLE: iteration 1
smoothSolver:  Solving for alpha.water, Initial residual = 0.00312587, Final residual = 2.12833e-09, No Iterations 3
Phase-1 volume fraction = 0.130194  Min(alpha.water) = -3.23592e-10  Max(alpha.water) = 1
MULES: Correcting alpha.water
MULES: Correcting alpha.water
Phase-1 volume fraction = 0.130194  Min(alpha.water) = -2.20105e-09  Max(alpha.water) = 1
DICPCG:  Solving for p_rgh, Initial residual = 0.0354589, Final residual = 0.000504793, No Iterations 1
time step continuity errors : sum local = 0.000422616, global = -5.32147e-08, cumulative = 0.000322639
DICPCG:  Solving for p_rgh, Initial residual = 0.000557816, Final residual = 2.12753e-05, No Iterations 12
time step continuity errors : sum local = 1.72547e-05, global = 2.51133e-06, cumulative = 0.00032515
DICPCG:  Solving for p_rgh, Initial residual = 5.81432e-05, Final residual = 8.81879e-08, No Iterations 46
time step continuity errors : sum local = 7.2169e-08, global = -3.35803e-09, cumulative = 0.000325147
ExecutionTime = 0.47 s  ClockTime = 1 s

Courant Number mean: 0.0769682 max: 0.988062
Interface Courant Number mean: 0.00665112 max: 0.712134
deltaT = 0.00208333
Time = 0.0966667

PIMPLE: iteration 1
smoothSolver:  Solving for alpha.water, Initial residual = 0.00321468, Final residual = 2.20901e-09, No Iterations 3
Phase-1 volume fraction = 0.130194  Min(alpha.water) = -2.88171e-10  Max(alpha.water) = 1
MULES: Correcting alpha.water
MULES: Correcting alpha.water
Phase-1 volume fraction = 0.130194  Min(alpha.water) = -1.13873e-09  Max(alpha.water) = 1
DICPCG:  Solving for p_rgh, Initial residual = 0.0338141, Final residual = 0.00065178, No Iterations 1
time step continuity errors : sum local = 0.000519339, global = -7.32176e-09, cumulative = 0.00032514
DICPCG:  Solving for p_rgh, Initial residual = 0.000719512, Final residual = 2.82516e-05, No Iterations 12
time step continuity errors : sum local = 2.18267e-05, global = 3.38004e-06, cumulative = 0.00032852
DICPCG:  Solving for p_rgh, Initial residual = 7.55515e-05, Final residual = 8.18094e-08, No Iterations 47
time step continuity errors : sum local = 6.37407e-08, global = -1.3903e-09, cumulative = 0.000328518
ExecutionTime = 0.48 s  ClockTime = 1 s

Courant Number mean: 0.0785422 max: 1.04538
Interface Courant Number mean: 0.00682148 max: 0.876265
deltaT = 0.00208333
Time = 0.09875

PIMPLE: iteration 1
smoothSolver:  Solving for alpha.water, Initial residual = 0.00328704, Final residual = 2.34298e-09, No Iterations 3
Phase-1 volume fraction = 0.130194  Min(alpha.water) = -2.562e-10  Max(alpha.water) = 1
MULES: Correcting alpha.water
MULES: Correcting alpha.water
Phase-1 volume fraction = 0.130194  Min(alpha.water) = -2.56155e-10  Max(alpha.water) = 1
DICPCG:  Solving for p_rgh, Initial residual = 0.0313599, Final residual = 0.000777655, No Iterations 1
time step continuity errors : sum local = 0.000589308, global = -1.01649e-08, cumulative = 0.000328508
DICPCG:  Solving for p_rgh, Initial residual = 0.000855459, Final residual = 3.07332e-05, No Iterations 12
time step continuity errors : sum local = 2.26672e-05, global = 4.70176e-06, cumulative = 0.00033321
DICPCG:  Solving for p_rgh, Initial residual = 8.58357e-05, Final residual = 9.45278e-08, No Iterations 47
time step continuity errors : sum local = 7.03406e-08, global = -3.46802e-09, cumulative = 0.000333206
ExecutionTime = 0.49 s  ClockTime = 1 s

Courant Number mean: 0.0800783 max: 1.09586
Interface Courant Number mean: 0.00663488 max: 0.880436
deltaT = 0.00208333
Time = 0.100833

PIMPLE: iteration 1
smoothSolver:  Solving for alpha.water, Initial residual = 0.00336716, Final residual = 2.47488e-09, No Iterations 3
Phase-1 volume fraction = 0.130194  Min(alpha.water) = -2.27408e-10  Max(alpha.water) = 1
MULES: Correcting alpha.water
MULES: Correcting alpha.water
Phase-1 volume fraction = 0.130194  Min(alpha.water) = -2.27362e-10  Max(alpha.water) = 1
DICPCG:  Solving for p_rgh, Initial residual = 0.0301691, Final residual = 0.000711269, No Iterations 1
time step continuity errors : sum local = 0.000531594, global = -4.11407e-08, cumulative = 0.000333165
DICPCG:  Solving for p_rgh, Initial residual = 0.000789547, Final residual = 2.67943e-05, No Iterations 12
time step continuity errors : sum local = 1.95153e-05, global = 4.36238e-06, cumulative = 0.000337528
DICPCG:  Solving for p_rgh, Initial residual = 7.80436e-05, Final residual = 9.615e-08, No Iterations 46
time step continuity errors : sum local = 7.0658e-08, global = -5.67824e-09, cumulative = 0.000337522
ExecutionTime = 0.51 s  ClockTime = 1 s

Courant Number mean: 0.0814591 max: 1.13699
Interface Courant Number mean: 0.00761675 max: 0.992833
deltaT = 0.00208333
Time = 0.102917

PIMPLE: iteration 1
smoothSolver:  Solving for alpha.water, Initial residual = 0.00341738, Final residual = 2.75518e-09, No Iterations 3
Phase-1 volume fraction = 0.130194  Min(alpha.water) = -2.01534e-10  Max(alpha.water) = 1
MULES: Correcting alpha.water
MULES: Correcting alpha.water
Phase-1 volume fraction = 0.130194  Min(alpha.water) = -2.01489e-10  Max(alpha.water) = 1
DICPCG:  Solving for p_rgh, Initial residual = 0.0307825, Final residual = 0.000702044, No Iterations 1
time step continuity errors : sum local = 0.000527378, global = -4.78555e-08, cumulative = 0.000337474
DICPCG:  Solving for p_rgh, Initial residual = 0.000785248, Final residual = 2.84183e-05, No Iterations 12
time step continuity errors : sum local = 2.07973e-05, global = 3.82685e-06, cumulative = 0.000341301
DICPCG:  Solving for p_rgh, Initial residual = 8.31952e-05, Final residual = 8.93147e-08, No Iterations 47
time step continuity errors : sum local = 6.59728e-08, global = -1.55283e-09, cumulative = 0.000341299
ExecutionTime = 0.52 s  ClockTime = 1 s

Courant Number mean: 0.0827604 max: 1.15246
Interface Courant Number mean: 0.00734556 max: 0.965945
deltaT = 0.00208333
Time = 0.105

PIMPLE: iteration 1
smoothSolver:  Solving for alpha.water, Initial residual = 0.00347914, Final residual = 3.02403e-09, No Iterations 3
Phase-1 volume fraction = 0.130194  Min(alpha.water) = -1.78333e-10  Max(alpha.water) = 1
MULES: Correcting alpha.water
MULES: Correcting alpha.water
Phase-1 volume fraction = 0.130194  Min(alpha.water) = -3.593e-10  Max(alpha.water) = 1
DICPCG:  Solving for p_rgh, Initial residual = 0.0285077, Final residual = 0.000732662, No Iterations 1
time step continuity errors : sum local = 0.000546151, global = -3.08449e-08, cumulative = 0.000341269
DICPCG:  Solving for p_rgh, Initial residual = 0.000822678, Final residual = 3.94933e-05, No Iterations 11
time step continuity errors : sum local = 2.87425e-05, global = 3.99057e-06, cumulative = 0.000345259
DICPCG:  Solving for p_rgh, Initial residual = 9.31061e-05, Final residual = 8.98365e-08, No Iterations 45
time step continuity errors : sum local = 6.5963e-08, global = -7.64571e-09, cumulative = 0.000345251
ExecutionTime = 0.55 s  ClockTime = 1 s

Courant Number mean: 0.0840277 max: 1.15701
Interface Courant Number mean: 0.00765933 max: 1.05982
deltaT = 0.001875
Time = 0.106875

PIMPLE: iteration 1
smoothSolver:  Solving for alpha.water, Initial residual = 0.00320812, Final residual = 1.75746e-09, No Iterations 3
Phase-1 volume fraction = 0.130194  Min(alpha.water) = -1.59431e-10  Max(alpha.water) = 1
MULES: Correcting alpha.water
MULES: Correcting alpha.water
Phase-1 volume fraction = 0.130194  Min(alpha.water) = -6.74274e-10  Max(alpha.water) = 1
DICPCG:  Solving for p_rgh, Initial residual = 0.0269993, Final residual = 0.000673957, No Iterations 1
time step continuity errors : sum local = 0.000421182, global = -4.68798e-08, cumulative = 0.000345205
DICPCG:  Solving for p_rgh, Initial residual = 0.000751566, Final residual = 2.62538e-05, No Iterations 12
time step continuity errors : sum local = 1.60448e-05, global = 2.88025e-06, cumulative = 0.000348085
DICPCG:  Solving for p_rgh, Initial residual = 7.7095e-05, Final residual = 8.55975e-08, No Iterations 45
time step continuity errors : sum local = 5.27433e-08, global = -6.2125e-09, cumulative = 0.000348079
ExecutionTime = 0.56 s  ClockTime = 1 s

Courant Number mean: 0.076685 max: 1.02953
Interface Courant Number mean: 0.00665769 max: 0.935331
deltaT = 0.001875
Time = 0.10875

PIMPLE: iteration 1
smoothSolver:  Solving for alpha.water, Initial residual = 0.00326822, Final residual = 1.87527e-09, No Iterations 3
Phase-1 volume fraction = 0.130194  Min(alpha.water) = -1.42309e-10  Max(alpha.water) = 1
MULES: Correcting alpha.water
MULES: Correcting alpha.water
Phase-1 volume fraction = 0.130194  Min(alpha.water) = -1.43391e-10  Max(alpha.water) = 1
DICPCG:  Solving for p_rgh, Initial residual = 0.0272641, Final residual = 0.000618759, No Iterations 1
time step continuity errors : sum local = 0.000400469, global = -2.24438e-08, cumulative = 0.000348056
DICPCG:  Solving for p_rgh, Initial residual = 0.000696325, Final residual = 2.72059e-05, No Iterations 12
time step continuity errors : sum local = 1.72174e-05, global = 2.50547e-06, cumulative = 0.000350562
DICPCG:  Solving for p_rgh, Initial residual = 7.57152e-05, Final residual = 9.23337e-08, No Iterations 45
time step continuity errors : sum local = 5.88844e-08, global = -5.35223e-09, cumulative = 0.000350556
ExecutionTime = 0.57 s  ClockTime = 2 s

Courant Number mean: 0.0778448 max: 1.02537
Interface Courant Number mean: 0.00704531 max: 0.931218
deltaT = 0.001875
Time = 0.110625

PIMPLE: iteration 1
smoothSolver:  Solving for alpha.water, Initial residual = 0.00332698, Final residual = 2.08032e-09, No Iterations 3
Phase-1 volume fraction = 0.130194  Min(alpha.water) = -1.34385e-10  Max(alpha.water) = 1
MULES: Correcting alpha.water
MULES: Correcting alpha.water
Phase-1 volume fraction = 0.130194  Min(alpha.water) = -5.47482e-10  Max(alpha.water) = 1
DICPCG:  Solving for p_rgh, Initial residual = 0.0336139, Final residual = 0.000553016, No Iterations 1
time step continuity errors : sum local = 0.000389236, global = -1.08066e-08, cumulative = 0.000350545
DICPCG:  Solving for p_rgh, Initial residual = 0.000626525, Final residual = 2.24429e-05, No Iterations 12
time step continuity errors : sum local = 1.53083e-05, global = 2.37107e-06, cumulative = 0.000352917
DICPCG:  Solving for p_rgh, Initial residual = 7.11584e-05, Final residual = 9.01629e-08, No Iterations 45
time step continuity errors : sum local = 6.19425e-08, global = -4.23747e-09, cumulative = 0.000352912
ExecutionTime = 0.58 s  ClockTime = 2 s

Courant Number mean: 0.0790551 max: 1.02524
Interface Courant Number mean: 0.00735087 max: 1.02524
deltaT = 0.001875
Time = 0.1125

PIMPLE: iteration 1
smoothSolver:  Solving for alpha.water, Initial residual = 0.0033501, Final residual = 2.25124e-09, No Iterations 3
Phase-1 volume fraction = 0.130194  Min(alpha.water) = -1.31708e-10  Max(alpha.water) = 1
MULES: Correcting alpha.water
MULES: Correcting alpha.water
Phase-1 volume fraction = 0.130194  Min(alpha.water) = -4.00664e-10  Max(alpha.water) = 1
DICPCG:  Solving for p_rgh, Initial residual = 0.0315268, Final residual = 0.000619796, No Iterations 1
time step continuity errors : sum local = 0.000414236, global = -1.26288e-08, cumulative = 0.0003529
DICPCG:  Solving for p_rgh, Initial residual = 0.000695903, Final residual = 2.74242e-05, No Iterations 12
time step continuity errors : sum local = 1.78295e-05, global = 2.79934e-06, cumulative = 0.000355699
DICPCG:  Solving for p_rgh, Initial residual = 8.02074e-05, Final residual = 9.86035e-08, No Iterations 44
time step continuity errors : sum local = 6.45823e-08, global = -4.74557e-09, cumulative = 0.000355694
ExecutionTime = 0.59 s  ClockTime = 2 s

Courant Number mean: 0.0802166 max: 1.02714
Interface Courant Number mean: 0.00691985 max: 1.02714
deltaT = 0.001875
Time = 0.114375

PIMPLE: iteration 1
smoothSolver:  Solving for alpha.water, Initial residual = 0.00341241, Final residual = 2.3203e-09, No Iterations 3
Phase-1 volume fraction = 0.130194  Min(alpha.water) = -1.28005e-10  Max(alpha.water) = 1
MULES: Correcting alpha.water
MULES: Correcting alpha.water
Phase-1 volume fraction = 0.130194  Min(alpha.water) = -1.90505e-10  Max(alpha.water) = 1
DICPCG:  Solving for p_rgh, Initial residual = 0.0307648, Final residual = 0.000552583, No Iterations 1
time step continuity errors : sum local = 0.000361574, global = -2.38425e-08, cumulative = 0.00035567
DICPCG:  Solving for p_rgh, Initial residual = 0.000625082, Final residual = 2.46236e-05, No Iterations 12
time step continuity errors : sum local = 1.56726e-05, global = 2.68757e-06, cumulative = 0.000358358
DICPCG:  Solving for p_rgh, Initial residual = 7.14053e-05, Final residual = 8.4343e-08, No Iterations 45
time step continuity errors : sum local = 5.40965e-08, global = -2.19992e-09, cumulative = 0.000358356
ExecutionTime = 0.6 s  ClockTime = 2 s

Courant Number mean: 0.0812361 max: 1.03613
Interface Courant Number mean: 0.00685955 max: 1.03613
deltaT = 0.001875
Time = 0.11625

PIMPLE: iteration 1
smoothSolver:  Solving for alpha.water, Initial residual = 0.00347943, Final residual = 2.42752e-09, No Iterations 3
Phase-1 volume fraction = 0.130194  Min(alpha.water) = -1.23484e-10  Max(alpha.water) = 1
MULES: Correcting alpha.water
MULES: Correcting alpha.water
Phase-1 volume fraction = 0.130194  Min(alpha.water) = -1.23484e-10  Max(alpha.water) = 1
DICPCG:  Solving for p_rgh, Initial residual = 0.0288781, Final residual = 0.000590802, No Iterations 1
time step continuity errors : sum local = 0.000376505, global = -2.82365e-08, cumulative = 0.000358328
DICPCG:  Solving for p_rgh, Initial residual = 0.00067474, Final residual = 3.08395e-05, No Iterations 12
time step continuity errors : sum local = 1.91521e-05, global = 2.38819e-06, cumulative = 0.000360716
DICPCG:  Solving for p_rgh, Initial residual = 7.99832e-05, Final residual = 8.97907e-08, No Iterations 44
time step continuity errors : sum local = 5.62293e-08, global = -1.86871e-09, cumulative = 0.000360714
ExecutionTime = 0.61 s  ClockTime = 2 s

Courant Number mean: 0.082199 max: 1.04273
Interface Courant Number mean: 0.00740734 max: 1.04273
deltaT = 0.001875
Time = 0.118125

PIMPLE: iteration 1
smoothSolver:  Solving for alpha.water, Initial residual = 0.00353612, Final residual = 2.56107e-09, No Iterations 3
Phase-1 volume fraction = 0.130194  Min(alpha.water) = -1.18333e-10  Max(alpha.water) = 1
MULES: Correcting alpha.water
MULES: Correcting alpha.water
Phase-1 volume fraction = 0.130194  Min(alpha.water) = -1.18333e-10  Max(alpha.water) = 1
DICPCG:  Solving for p_rgh, Initial residual = 0.026898, Final residual = 0.000659203, No Iterations 1
time step continuity errors : sum local = 0.000410969, global = -2.39944e-08, cumulative = 0.00036069
DICPCG:  Solving for p_rgh, Initial residual = 0.000736274, Final residual = 2.96734e-05, No Iterations 12
time step continuity errors : sum local = 1.8078e-05, global = 2.57919e-06, cumulative = 0.000363269
DICPCG:  Solving for p_rgh, Initial residual = 8.37823e-05, Final residual = 9.26821e-08, No Iterations 43
time step continuity errors : sum local = 5.69434e-08, global = -6.74048e-09, cumulative = 0.000363262
ExecutionTime = 0.62 s  ClockTime = 2 s

Courant Number mean: 0.0831542 max: 1.05156
Interface Courant Number mean: 0.00763569 max: 1.05156
deltaT = 0.001875
Time = 0.12

PIMPLE: iteration 1
smoothSolver:  Solving for alpha.water, Initial residual = 0.00358117, Final residual = 2.62309e-09, No Iterations 3
Phase-1 volume fraction = 0.130194  Min(alpha.water) = -1.12715e-10  Max(alpha.water) = 1
MULES: Correcting alpha.water
MULES: Correcting alpha.water
Phase-1 volume fraction = 0.130194  Min(alpha.water) = -1.12715e-10  Max(alpha.water) = 1
DICPCG:  Solving for p_rgh, Initial residual = 0.0259138, Final residual = 0.000700385, No Iterations 1
time step continuity errors : sum local = 0.000433638, global = -3.55405e-08, cumulative = 0.000363227
DICPCG:  Solving for p_rgh, Initial residual = 0.000785002, Final residual = 3.25052e-05, No Iterations 12
time step continuity errors : sum local = 1.96891e-05, global = 2.35164e-06, cumulative = 0.000365578
DICPCG:  Solving for p_rgh, Initial residual = 9.22305e-05, Final residual = 7.19323e-08, No Iterations 45
time step continuity errors : sum local = 4.39659e-08, global = -3.24161e-09, cumulative = 0.000365575
ExecutionTime = 0.66 s  ClockTime = 2 s

Courant Number mean: 0.084229 max: 1.07069
Interface Courant Number mean: 0.00776176 max: 1.07069
deltaT = 0.00166667
Time = 0.121667

PIMPLE: iteration 1
smoothSolver:  Solving for alpha.water, Initial residual = 0.00319687, Final residual = 1.33857e-09, No Iterations 3
Phase-1 volume fraction = 0.130194  Min(alpha.water) = -1.07455e-10  Max(alpha.water) = 1
MULES: Correcting alpha.water
MULES: Correcting alpha.water
Phase-1 volume fraction = 0.130194  Min(alpha.water) = -1.07455e-10  Max(alpha.water) = 1
DICPCG:  Solving for p_rgh, Initial residual = 0.0225587, Final residual = 0.000626363, No Iterations 1
time step continuity errors : sum local = 0.000310124, global = -1.46913e-08, cumulative = 0.000365561
DICPCG:  Solving for p_rgh, Initial residual = 0.000702962, Final residual = 2.70424e-05, No Iterations 12
time step continuity errors : sum local = 1.31577e-05, global = 1.70785e-06, cumulative = 0.000367268
DICPCG:  Solving for p_rgh, Initial residual = 7.43226e-05, Final residual = 7.12804e-08, No Iterations 32
time step continuity errors : sum local = 3.49802e-08, global = 7.39236e-09, cumulative = 0.000367276
ExecutionTime = 0.66 s  ClockTime = 2 s

Courant Number mean: 0.075737 max: 0.970603
Interface Courant Number mean: 0.00695028 max: 0.970603
deltaT = 0.00166667
Time = 0.123333

PIMPLE: iteration 1
smoothSolver:  Solving for alpha.water, Initial residual = 0.00325576, Final residual = 1.31385e-09, No Iterations 3
Phase-1 volume fraction = 0.130194  Min(alpha.water) = -1.02014e-10  Max(alpha.water) = 1
MULES: Correcting alpha.water
MULES: Correcting alpha.water
Phase-1 volume fraction = 0.130194  Min(alpha.water) = -1.02014e-10  Max(alpha.water) = 1
DICPCG:  Solving for p_rgh, Initial residual = 0.0245094, Final residual = 0.000670143, No Iterations 1
time step continuity errors : sum local = 0.000343028, global = 9.72052e-09, cumulative = 0.000367285
DICPCG:  Solving for p_rgh, Initial residual = 0.000760865, Final residual = 3.65048e-05, No Iterations 11
time step continuity errors : sum local = 1.83376e-05, global = 1.43282e-06, cumulative = 0.000368718
DICPCG:  Solving for p_rgh, Initial residual = 9.02569e-05, Final residual = 7.87502e-08, No Iterations 43
time step continuity errors : sum local = 3.98784e-08, global = 1.24006e-09, cumulative = 0.00036872
ExecutionTime = 0.68 s  ClockTime = 2 s

Courant Number mean: 0.0765489 max: 0.997971
Interface Courant Number mean: 0.00670203 max: 0.997971
deltaT = 0.00166667
Time = 0.125

PIMPLE: iteration 1
smoothSolver:  Solving for alpha.water, Initial residual = 0.00329588, Final residual = 1.34192e-09, No Iterations 3
Phase-1 volume fraction = 0.130194  Min(alpha.water) = -9.64553e-11  Max(alpha.water) = 1
MULES: Correcting alpha.water
MULES: Correcting alpha.water
Phase-1 volume fraction = 0.130194  Min(alpha.water) = -3.59671e-10  Max(alpha.water) = 1
DICPCG:  Solving for p_rgh, Initial residual = 0.0231215, Final residual = 0.000610083, No Iterations 1
time step continuity errors : sum local = 0.000317011, global = -1.71898e-08, cumulative = 0.000368702
DICPCG:  Solving for p_rgh, Initial residual = 0.000714491, Final residual = 3.429e-05, No Iterations 11
time step continuity errors : sum local = 1.75332e-05, global = 1.11982e-06, cumulative = 0.000369822
DICPCG:  Solving for p_rgh, Initial residual = 9.13765e-05, Final residual = 8.49785e-08, No Iterations 44
time step continuity errors : sum local = 4.38268e-08, global = -2.61252e-09, cumulative = 0.00036982
ExecutionTime = 0.68 s  ClockTime = 2 s

Courant Number mean: 0.0773888 max: 1.03755
Interface Courant Number mean: 0.00662518 max: 1.03755
deltaT = 0.00166667
Time = 0.126667

PIMPLE: iteration 1
smoothSolver:  Solving for alpha.water, Initial residual = 0.0033486, Final residual = 1.38093e-09, No Iterations 3
Phase-1 volume fraction = 0.130194  Min(alpha.water) = -9.08446e-11  Max(alpha.water) = 1
MULES: Correcting alpha.water
MULES: Correcting alpha.water
Phase-1 volume fraction = 0.130194  Min(alpha.water) = -1.75271e-10  Max(alpha.water) = 1
DICPCG:  Solving for p_rgh, Initial residual = 0.0274644, Final residual = 0.000466782, No Iterations 1
time step continuity errors : sum local = 0.000263081, global = -1.19916e-08, cumulative = 0.000369808
DICPCG:  Solving for p_rgh, Initial residual = 0.000559844, Final residual = 1.98349e-05, No Iterations 13
time step continuity errors : sum local = 1.09214e-05, global = 1.52623e-06, cumulative = 0.000371334
DICPCG:  Solving for p_rgh, Initial residual = 7.56855e-05, Final residual = 9.60609e-08, No Iterations 46
time step continuity errors : sum local = 5.34532e-08, global = -4.50787e-09, cumulative = 0.000371329
ExecutionTime = 0.7 s  ClockTime = 2 s

Courant Number mean: 0.0781163 max: 1.07569
Interface Courant Number mean: 0.00690104 max: 1.07569
deltaT = 0.00166667
Time = 0.128333

PIMPLE: iteration 1
smoothSolver:  Solving for alpha.water, Initial residual = 0.00339439, Final residual = 1.4115e-09, No Iterations 3
Phase-1 volume fraction = 0.130194  Min(alpha.water) = -8.5244e-11  Max(alpha.water) = 1
MULES: Correcting alpha.water
MULES: Correcting alpha.water
Phase-1 volume fraction = 0.130194  Min(alpha.water) = -1.29982e-09  Max(alpha.water) = 1
DICPCG:  Solving for p_rgh, Initial residual = 0.0275711, Final residual = 0.000519293, No Iterations 1
time step continuity errors : sum local = 0.000289965, global = -2.28227e-08, cumulative = 0.000371306
DICPCG:  Solving for p_rgh, Initial residual = 0.000629972, Final residual = 2.53467e-05, No Iterations 13
time step continuity errors : sum local = 1.38485e-05, global = 1.23205e-06, cumulative = 0.000372539
DICPCG:  Solving for p_rgh, Initial residual = 9.31594e-05, Final residual = 8.5877e-08, No Iterations 44
time step continuity errors : sum local = 4.75282e-08, global = 1.22203e-10, cumulative = 0.000372539
ExecutionTime = 0.71 s  ClockTime = 2 s

Courant Number mean: 0.0788137 max: 1.10157
Interface Courant Number mean: 0.00719383 max: 1.10157
deltaT = 0.00166667
Time = 0.13

PIMPLE: iteration 1
smoothSolver:  Solving for alpha.water, Initial residual = 0.00342265, Final residual = 1.42388e-09, No Iterations 3
Phase-1 volume fraction = 0.130194  Min(alpha.water) = -7.97032e-11  Max(alpha.water) = 1
MULES: Correcting alpha.water
MULES: Correcting alpha.water
Phase-1 volume fraction = 0.130194  Min(alpha.water) = -2.13053e-09  Max(alpha.water) = 1
DICPCG:  Solving for p_rgh, Initial residual = 0.0268691, Final residual = 0.000559162, No Iterations 1
time step continuity errors : sum local = 0.000306853, global = -6.38403e-09, cumulative = 0.000372532
DICPCG:  Solving for p_rgh, Initial residual = 0.000669734, Final residual = 2.89565e-05, No Iterations 13
time step continuity errors : sum local = 1.55302e-05, global = 1.33089e-06, cumulative = 0.000373863
DICPCG:  Solving for p_rgh, Initial residual = 0.000106602, Final residual = 9.73273e-08, No Iterations 44
time step continuity errors : sum local = 5.2815e-08, global = -1.6863e-09, cumulative = 0.000373861
ExecutionTime = 0.72 s  ClockTime = 2 s

Courant Number mean: 0.0795236 max: 1.08668
Interface Courant Number mean: 0.00735876 max: 1.08668
deltaT = 0.00166667
Time = 0.131667

PIMPLE: iteration 1
smoothSolver:  Solving for alpha.water, Initial residual = 0.00346568, Final residual = 1.40855e-09, No Iterations 3
Phase-1 volume fraction = 0.130194  Min(alpha.water) = -7.7805e-11  Max(alpha.water) = 1
MULES: Correcting alpha.water
MULES: Correcting alpha.water
Phase-1 volume fraction = 0.130194  Min(alpha.water) = -3.95782e-10  Max(alpha.water) = 1
DICPCG:  Solving for p_rgh, Initial residual = 0.0237374, Final residual = 0.000608157, No Iterations 1
time step continuity errors : sum local = 0.000323775, global = -1.5333e-08, cumulative = 0.000373846
DICPCG:  Solving for p_rgh, Initial residual = 0.000708069, Final residual = 3.45783e-05, No Iterations 12
time step continuity errors : sum local = 1.80502e-05, global = 1.22976e-06, cumulative = 0.000375076
DICPCG:  Solving for p_rgh, Initial residual = 0.000108386, Final residual = 8.7538e-08, No Iterations 49
time step continuity errors : sum local = 4.62235e-08, global = -8.07915e-10, cumulative = 0.000375075
ExecutionTime = 0.74 s  ClockTime = 2 s

Courant Number mean: 0.0802963 max: 1.05236
Interface Courant Number mean: 0.00772793 max: 1.05236
deltaT = 0.00166667
Time = 0.133333

PIMPLE: iteration 1
smoothSolver:  Solving for alpha.water, Initial residual = 0.00350405, Final residual = 1.37371e-09, No Iterations 3
Phase-1 volume fraction = 0.130194  Min(alpha.water) = -7.66304e-11  Max(alpha.water) = 1
MULES: Correcting alpha.water
MULES: Correcting alpha.water
Phase-1 volume fraction = 0.130194  Min(alpha.water) = -1.60231e-10  Max(alpha.water) = 1
DICPCG:  Solving for p_rgh, Initial residual = 0.0231821, Final residual = 0.000650037, No Iterations 1
time step continuity errors : sum local = 0.000343327, global = -9.25439e-09, cumulative = 0.000375066
DICPCG:  Solving for p_rgh, Initial residual = 0.000748389, Final residual = 3.62439e-05, No Iterations 13
time step continuity errors : sum local = 1.88315e-05, global = 1.15402e-06, cumulative = 0.00037622
DICPCG:  Solving for p_rgh, Initial residual = 0.000121542, Final residual = 6.81666e-08, No Iterations 50
time step continuity errors : sum local = 3.5949e-08, global = -2.67111e-09, cumulative = 0.000376217
ExecutionTime = 0.75 s  ClockTime = 2 s

Courant Number mean: 0.081128 max: 0.994369
Interface Courant Number mean: 0.00716851 max: 0.994369
deltaT = 0.00166667
Time = 0.135

PIMPLE: iteration 1
smoothSolver:  Solving for alpha.water, Initial residual = 0.00358617, Final residual = 1.35297e-09, No Iterations 3
Phase-1 volume fraction = 0.130194  Min(alpha.water) = -7.49926e-11  Max(alpha.water) = 1
MULES: Correcting alpha.water
MULES: Correcting alpha.water
Phase-1 volume fraction = 0.130194  Min(alpha.water) = -1.68633e-10  Max(alpha.water) = 1
DICPCG:  Solving for p_rgh, Initial residual = 0.0229841, Final residual = 0.000646084, No Iterations 1
time step continuity errors : sum local = 0.000344585, global = -6.79726e-09, cumulative = 0.00037621
DICPCG:  Solving for p_rgh, Initial residual = 0.00075701, Final residual = 3.47276e-05, No Iterations 13
time step continuity errors : sum local = 1.82251e-05, global = 1.39601e-06, cumulative = 0.000377606
DICPCG:  Solving for p_rgh, Initial residual = 0.000117129, Final residual = 7.98608e-08, No Iterations 49
time step continuity errors : sum local = 4.24975e-08, global = -6.94777e-10, cumulative = 0.000377606
ExecutionTime = 0.78 s  ClockTime = 2 s

Courant Number mean: 0.0819102 max: 0.946161
Interface Courant Number mean: 0.00715605 max: 0.946161
deltaT = 0.00166667
Time = 0.136667

PIMPLE: iteration 1
smoothSolver:  Solving for alpha.water, Initial residual = 0.00359042, Final residual = 1.37953e-09, No Iterations 3
Phase-1 volume fraction = 0.130194  Min(alpha.water) = -7.29628e-11  Max(alpha.water) = 1
MULES: Correcting alpha.water
MULES: Correcting alpha.water
Phase-1 volume fraction = 0.130194  Min(alpha.water) = -7.29628e-11  Max(alpha.water) = 1
DICPCG:  Solving for p_rgh, Initial residual = 0.0218379, Final residual = 0.000610294, No Iterations 1
time step continuity errors : sum local = 0.000327383, global = -9.97677e-09, cumulative = 0.000377596
DICPCG:  Solving for p_rgh, Initial residual = 0.00072395, Final residual = 2.25013e-05, No Iterations 14
time step continuity errors : sum local = 1.18826e-05, global = 1.64601e-06, cumulative = 0.000379242
DICPCG:  Solving for p_rgh, Initial residual = 0.000100205, Final residual = 8.9475e-08, No Iterations 48
time step continuity errors : sum local = 4.79306e-08, global = 2.3529e-10, cumulative = 0.000379242
ExecutionTime = 0.78 s  ClockTime = 2 s

Courant Number mean: 0.0826001 max: 0.909645
Interface Courant Number mean: 0.00728311 max: 0.909645
deltaT = 0.00190476
Time = 0.138571

PIMPLE: iteration 1
smoothSolver:  Solving for alpha.water, Initial residual = 0.00416159, Final residual = 3.06545e-09, No Iterations 3
Phase-1 volume fraction = 0.130194  Min(alpha.water) = -7.02239e-11  Max(alpha.water) = 1
MULES: Correcting alpha.water
MULES: Correcting alpha.water
Phase-1 volume fraction = 0.130194  Min(alpha.water) = -7.02239e-11  Max(alpha.water) = 1
DICPCG:  Solving for p_rgh, Initial residual = 0.0231203, Final residual = 0.000699167, No Iterations 1
time step continuity errors : sum local = 0.000490626, global = -2.05239e-08, cumulative = 0.000379221
DICPCG:  Solving for p_rgh, Initial residual = 0.000825469, Final residual = 3.07622e-05, No Iterations 14
time step continuity errors : sum local = 2.12547e-05, global = 2.07894e-06, cumulative = 0.0003813
DICPCG:  Solving for p_rgh, Initial residual = 0.000126947, Final residual = 9.74811e-08, No Iterations 47
time step continuity errors : sum local = 6.87475e-08, global = -9.01012e-10, cumulative = 0.000381299
ExecutionTime = 0.79 s  ClockTime = 2 s

Courant Number mean: 0.0951917 max: 1.00733
Interface Courant Number mean: 0.00856457 max: 1.00733
deltaT = 0.00190476
Time = 0.140476

PIMPLE: iteration 1
smoothSolver:  Solving for alpha.water, Initial residual = 0.00422283, Final residual = 3.1655e-09, No Iterations 3
Phase-1 volume fraction = 0.130194  Min(alpha.water) = -6.71355e-11  Max(alpha.water) = 1
MULES: Correcting alpha.water
MULES: Correcting alpha.water
Phase-1 volume fraction = 0.130194  Min(alpha.water) = -6.71355e-11  Max(alpha.water) = 1
DICPCG:  Solving for p_rgh, Initial residual = 0.0240676, Final residual = 0.000659013, No Iterations 1
time step continuity errors : sum local = 0.000479301, global = -2.76536e-08, cumulative = 0.000381272
DICPCG:  Solving for p_rgh, Initial residual = 0.00077567, Final residual = 3.78511e-05, No Iterations 13
time step continuity errors : sum local = 2.70643e-05, global = 2.1076e-06, cumulative = 0.000383379
DICPCG:  Solving for p_rgh, Initial residual = 0.000127035, Final residual = 9.91678e-08, No Iterations 47
time step continuity errors : sum local = 7.20267e-08, global = -5.9719e-09, cumulative = 0.000383373
ExecutionTime = 0.81 s  ClockTime = 2 s

Courant Number mean: 0.0958489 max: 1.00202
Interface Courant Number mean: 0.00936366 max: 1.00202
deltaT = 0.00190476
Time = 0.142381

PIMPLE: iteration 1
smoothSolver:  Solving for alpha.water, Initial residual = 0.00435914, Final residual = 3.21594e-09, No Iterations 3
Phase-1 volume fraction = 0.130194  Min(alpha.water) = -6.37597e-11  Max(alpha.water) = 1
MULES: Correcting alpha.water
MULES: Correcting alpha.water
Phase-1 volume fraction = 0.130194  Min(alpha.water) = -6.37597e-11  Max(alpha.water) = 1
DICPCG:  Solving for p_rgh, Initial residual = 0.0229703, Final residual = 0.000603022, No Iterations 1
time step continuity errors : sum local = 0.000451068, global = -3.63756e-08, cumulative = 0.000383337
DICPCG:  Solving for p_rgh, Initial residual = 0.000705436, Final residual = 2.77196e-05, No Iterations 14
time step continuity errors : sum local = 2.03841e-05, global = 1.60441e-06, cumulative = 0.000384941
DICPCG:  Solving for p_rgh, Initial residual = 0.00011426, Final residual = 9.72324e-08, No Iterations 47
time step continuity errors : sum local = 7.28378e-08, global = -8.85596e-09, cumulative = 0.000384933
ExecutionTime = 0.83 s  ClockTime = 2 s

Courant Number mean: 0.0964359 max: 0.996878
Interface Courant Number mean: 0.00984179 max: 0.996878
deltaT = 0.00190476
Time = 0.144286

PIMPLE: iteration 1
smoothSolver:  Solving for alpha.water, Initial residual = 0.00440776, Final residual = 3.21832e-09, No Iterations 3
Phase-1 volume fraction = 0.130194  Min(alpha.water) = -6.01414e-11  Max(alpha.water) = 1
MULES: Correcting alpha.water
MULES: Correcting alpha.water
Phase-1 volume fraction = 0.130194  Min(alpha.water) = -2.05588e-10  Max(alpha.water) = 1
DICPCG:  Solving for p_rgh, Initial residual = 0.026006, Final residual = 0.00054981, No Iterations 1
time step continuity errors : sum local = 0.000432261, global = -2.48832e-08, cumulative = 0.000384908
DICPCG:  Solving for p_rgh, Initial residual = 0.000647659, Final residual = 2.35927e-05, No Iterations 14
time step continuity errors : sum local = 1.81616e-05, global = 1.29937e-06, cumulative = 0.000386207
DICPCG:  Solving for p_rgh, Initial residual = 0.000105526, Final residual = 7.59923e-08, No Iterations 48
time step continuity errors : sum local = 5.94093e-08, global = -4.44115e-09, cumulative = 0.000386203
ExecutionTime = 0.84 s  ClockTime = 2 s

Courant Number mean: 0.0970257 max: 0.982515
Interface Courant Number mean: 0.0101565 max: 0.982515
deltaT = 0.00190476
Time = 0.14619

PIMPLE: iteration 1
smoothSolver:  Solving for alpha.water, Initial residual = 0.00443757, Final residual = 3.19218e-09, No Iterations 3
Phase-1 volume fraction = 0.130194  Min(alpha.water) = -5.63162e-11  Max(alpha.water) = 1
MULES: Correcting alpha.water
MULES: Correcting alpha.water
Phase-1 volume fraction = 0.130194  Min(alpha.water) = -1.22069e-08  Max(alpha.water) = 1
DICPCG:  Solving for p_rgh, Initial residual = 0.0234949, Final residual = 0.00056219, No Iterations 1
time step continuity errors : sum local = 0.000436254, global = -9.30881e-09, cumulative = 0.000386193
DICPCG:  Solving for p_rgh, Initial residual = 0.000662712, Final residual = 2.20098e-05, No Iterations 14
time step continuity errors : sum local = 1.67601e-05, global = 1.44015e-06, cumulative = 0.000387633
DICPCG:  Solving for p_rgh, Initial residual = 0.000108195, Final residual = 9.67574e-08, No Iterations 47
time step continuity errors : sum local = 7.47095e-08, global = -3.60887e-09, cumulative = 0.00038763
ExecutionTime = 0.85 s  ClockTime = 2 s

Courant Number mean: 0.0975097 max: 0.987187
Interface Courant Number mean: 0.0101208 max: 0.987187
deltaT = 0.00190476
Time = 0.148095

PIMPLE: iteration 1
smoothSolver:  Solving for alpha.water, Initial residual = 0.00453545, Final residual = 3.24844e-09, No Iterations 3
Phase-1 volume fraction = 0.130194  Min(alpha.water) = -5.23109e-11  Max(alpha.water) = 1
MULES: Correcting alpha.water
MULES: Correcting alpha.water
Phase-1 volume fraction = 0.130194  Min(alpha.water) = -6.2242e-09  Max(alpha.water) = 1
DICPCG:  Solving for p_rgh, Initial residual = 0.0223222, Final residual = 0.000602189, No Iterations 1
time step continuity errors : sum local = 0.000463503, global = -1.47265e-08, cumulative = 0.000387615
DICPCG:  Solving for p_rgh, Initial residual = 0.000708719, Final residual = 2.38197e-05, No Iterations 14
time step continuity errors : sum local = 1.80241e-05, global = 2.07812e-06, cumulative = 0.000389693
DICPCG:  Solving for p_rgh, Initial residual = 0.000110895, Final residual = 8.67004e-08, No Iterations 49
time step continuity errors : sum local = 6.66211e-08, global = -5.57263e-10, cumulative = 0.000389693
ExecutionTime = 0.86 s  ClockTime = 2 s

Courant Number mean: 0.0978184 max: 0.980932
Interface Courant Number mean: 0.010403 max: 0.980932
deltaT = 0.00190476
Time = 0.15

PIMPLE: iteration 1
smoothSolver:  Solving for alpha.water, Initial residual = 0.00455354, Final residual = 3.28521e-09, No Iterations 3
Phase-1 volume fraction = 0.130194  Min(alpha.water) = -5.07866e-11  Max(alpha.water) = 1
MULES: Correcting alpha.water
MULES: Correcting alpha.water
Phase-1 volume fraction = 0.130194  Min(alpha.water) = -2.09341e-09  Max(alpha.water) = 1
DICPCG:  Solving for p_rgh, Initial residual = 0.0213269, Final residual = 0.000624844, No Iterations 1
time step continuity errors : sum local = 0.000481276, global = -2.49874e-08, cumulative = 0.000389668
DICPCG:  Solving for p_rgh, Initial residual = 0.000737288, Final residual = 3.32621e-05, No Iterations 10
time step continuity errors : sum local = 2.52266e-05, global = 2.83161e-07, cumulative = 0.000389951
DICPCG:  Solving for p_rgh, Initial residual = 0.000117415, Final residual = 7.02085e-08, No Iterations 45
time step continuity errors : sum local = 5.38214e-08, global = 6.17292e-09, cumulative = 0.000389957
ExecutionTime = 0.89 s  ClockTime = 2 s

End

